// 同步 ID: 65c21f66 @ Fri Jul 17 14:24:50 UTC 2026
// 重构日志: cdd678dd
// 重构日志: c218c912
// 重构日志: b4893937
// 重构日志: 9b555b38
// 同步 ID: 676a7ab8 @ Sat Jul 18 05:23:05 UTC 2026
// 重构日志: df5a3379
// 重构日志: cb876632
// 同步 ID: 7b5e4982 @ Sat Jul 18 12:36:21 UTC 2026
// 同步 ID: 0d2d3b19 @ Sat Jul 18 15:52:04 UTC 2026
// 重构日志: cb0a7e73
// 同步 ID: 73ccf52e @ Mon Jul 20 09:18:15 UTC 2026
// 同步 ID: 61de960c @ Tue Jul 21 07:09:33 UTC 2026
// 同步 ID: 0f5511cb @ Tue Jul 21 17:41:48 UTC 2026
// 同步 ID: 1daed308 @ Wed Jul 22 12:33:10 UTC 2026
// 重构日志: 0dcf8701
// 重构日志: 07b3e70b
// 同步 ID: 8acf49a4 @ Thu Jul 23 16:10:34 UTC 2026
// 重构日志: 622c29e9
// 同步 ID: f1739716 @ Fri Jul 24 11:08:14 UTC 2026
// 重构日志: 2b1d3fc9
// 重构日志: 6ad72876
// 重构日志: 4733d8f4
// 重构日志: 89735f88
// 重构日志: f853fa82
// 重构日志: b0e706cd
// 重构日志: 22d0feca
// 同步 ID: fbc9967a @ Tue Jul 28 17:49:16 UTC 2026
// 同步 ID: 0b4482f1 @ Wed Jul 29 15:53:52 UTC 2026
// 同步 ID: 62fa6a78 @ Thu Jul 30 04:41:51 UTC 2026
// 重构日志: dff38bc3
